------------------------------------------------------------
Timing Analyzer Summary
------------------------------------------------------------

Type  : Slow 1100mV 85C Model Setup 'KEY[0]'
Slack : -0.623
TNS   : -3.477

Type  : Slow 1100mV 85C Model Hold 'KEY[0]'
Slack : 0.216
TNS   : 0.000

Type  : Slow 1100mV 85C Model Minimum Pulse Width 'KEY[0]'
Slack : -0.394
TNS   : -5.500

Type  : Slow 1100mV 0C Model Setup 'KEY[0]'
Slack : -0.569
TNS   : -3.308

Type  : Slow 1100mV 0C Model Hold 'KEY[0]'
Slack : 0.280
TNS   : 0.000

Type  : Slow 1100mV 0C Model Minimum Pulse Width 'KEY[0]'
Slack : -0.394
TNS   : -4.436

Type  : Fast 1100mV 85C Model Setup 'KEY[0]'
Slack : 0.085
TNS   : 0.000

Type  : Fast 1100mV 85C Model Hold 'KEY[0]'
Slack : 0.139
TNS   : 0.000

Type  : Fast 1100mV 85C Model Minimum Pulse Width 'KEY[0]'
Slack : -0.321
TNS   : -2.761

Type  : Fast 1100mV 0C Model Setup 'KEY[0]'
Slack : 0.148
TNS   : 0.000

Type  : Fast 1100mV 0C Model Hold 'KEY[0]'
Slack : 0.146
TNS   : 0.000

Type  : Fast 1100mV 0C Model Minimum Pulse Width 'KEY[0]'
Slack : -0.316
TNS   : -2.694

------------------------------------------------------------
